
> abstract-language@1.2.0 test:integration
> node test/run-integration.js

- Resolving version...
√ Validated version: 1.92.0
√ Found existing install in C:\Users\PC\Repositories\abstract-vscode\editors\vscode\.vscode-test\vscode-win32-x64-archive-1.92.0
[main 2026-09-08T00:18:57.314Z] Error: Error mutex already exists

[main 2026-09-08T00:18:57.307Z] update#setState disabled
    at yt.U (C:\Users\PC\Repositories\abstract-vscode\editors\vscode\.vscode-test\vscode-win32-x64-archive-1.92.0\resources\app\out\vs\code\electron-main\main.js:114:71122)
[46720:0907/181859.965:ERROR:electron_api_app.cc(1229)] Failed to commit changes to custom Jump List.
[main 2026-09-08T00:18:59.966Z] updateWindowsJumpList#setJumpList unexpected result: error
Failed to fetch chat participant registry {}
[main 2026-09-08T00:18:57.310Z] update#ctor - updates are disabled by the environment
Started initializing default profile extensions in extensions installation folder. file:///c%3A/Users/PC/AppData/Local/Temp/abstract-vscode-6XRxLK/vscode-extensions
Completed initializing default profile extensions in extensions installation folder. file:///c%3A/Users/PC/AppData/Local/Temp/abstract-vscode-6XRxLK/vscode-extensions
Started local extension host with pid 18844.
Loading development extension at c:\Users\PC\Repositories\abstract-vscode\editors\vscode
Testing Abstract in VS Code 1.92.0
PASS: completions, definitions, hover, symbols, semantic tokens, refactor, unsaved index, multi-project diagnostics
PASS: unsaved schema + instance diagnostics, real relative assets, superseded snapshots, two-project isolation, no disk writes
PASS: canonical unsaved schema outside two project roots refreshes both junction consumers and prevents saved-only Compile
PASS: real editor UTF-16 ranges handle disk BOM, typed BOM, supplementary scalar and CRLF
PASS: real legacy compiler fallback validates saved sources and refuses unsaved claims
[main 2026-09-08T00:19:08.151Z] Extension host with pid 18844 exited with code: 0, signal: unknown.
