
> abstract-language@1.2.0 test:integration
> node test/run-integration.js


[main 2026-09-08T00:18:57.242Z] StorageMainService: creating application shared storage
[main 2026-09-08T00:18:57.488Z] [shared storage] Creating shared storage database at ':memory:' (wasCreated: true)
[main 2026-09-08T00:18:57.489Z] [shared storage] Initializing fallback application storage (path: in-memory)
[main 2026-09-08T00:18:57.663Z] [shared storage] Fallback application storage initialized with 3 items
[main 2026-09-08T00:18:57.664Z] update#setState disabled
[main 2026-09-08T00:18:57.695Z] update#ctor - updates are disabled by the environment
Started local extension host with pid 44212.
[AccountPolicyGate] apply: state=inactive, reason=undefined, isRestricted=false
Started initializing default profile extensions in extensions installation folder. file:///c%3A/Users/PC/AppData/Local/Temp/abstract-vscode-QsyG0u/vscode-extensions
Completed initializing default profile extensions in extensions installation folder. file:///c%3A/Users/PC/AppData/Local/Temp/abstract-vscode-QsyG0u/vscode-extensions
Loading development extension at c:\Users\PC\Repositories\abstract-vscode\editors\vscode
Settings Sync: Account status changed from uninitialized to unavailable
[AccountPolicyGate] apply: state=inactive, reason=undefined, isRestricted=false
Testing Abstract in VS Code 1.121.0
PASS: completions, definitions, hover, symbols, semantic tokens, refactor, unsaved index, multi-project diagnostics
PASS: unsaved schema + instance diagnostics, real relative assets, superseded snapshots, two-project isolation, no disk writes
PASS: canonical unsaved schema outside two project roots refreshes both junction consumers and prevents saved-only Compile
PASS: real editor UTF-16 ranges handle disk BOM, typed BOM, supplementary scalar and CRLF
PASS: real legacy compiler fallback validates saved sources and refuses unsaved claims
[main 2026-09-08T00:19:10.951Z] Extension host with pid 44212 exited with code: 0, signal: unknown.
[main 2026-09-08T00:18:57.595Z] Error: Error mutex already exists
    at bs.installMutex (file:///C:/Users/PC/AppData/Local/Programs/Microsoft%20VS%20Code/f6cfa2ea24/resources/app/out/main.js:519:24997)
