
> abstract-language@1.2.0 test:integration
> node test/run-integration.js


[main 2026-09-08T00:18:57.942Z] StorageMainService: creating application shared storage
[main 2026-09-08T00:18:58.024Z] [shared storage] Creating shared storage database at ':memory:' (wasCreated: true)
[main 2026-09-08T00:18:58.024Z] [shared storage] Initializing fallback application storage (path: in-memory)
[main 2026-09-08T00:18:58.085Z] [shared storage] Fallback application storage initialized with 3 items
[main 2026-09-08T00:18:58.085Z] update#setState disabled
[main 2026-09-08T00:18:58.086Z] update#ctor - updates are disabled by the environment
[AccountPolicyGate] apply: state=inactive, reason=undefined, isRestricted=false
Started initializing default profile extensions in extensions installation folder. file:///c%3A/Users/PC/AppData/Local/Temp/abstract-vscode-TPRUed/vscode-extensions
Completed initializing default profile extensions in extensions installation folder. file:///c%3A/Users/PC/AppData/Local/Temp/abstract-vscode-TPRUed/vscode-extensions
Loading development extension at c:\Users\PC\Repositories\abstract-vscode\editors\vscode
Started local extension host with pid 28468.
Settings Sync: Account status changed from uninitialized to unavailable
Testing Abstract in VS Code 1.121.0
[AccountPolicyGate] apply: state=inactive, reason=undefined, isRestricted=false
PASS: Restricted Mode keeps completions and suppresses compiler diagnostics/commands
[main 2026-09-08T00:19:06.513Z] Extension host with pid 28468 exited with code: 0, signal: unknown.
[main 2026-09-08T00:18:58.043Z] Error: Error mutex already exists
    at bs.installMutex (file:///C:/Users/PC/AppData/Local/Programs/Microsoft%20VS%20Code/f6cfa2ea24/resources/app/out/main.js:519:24997)
